%!Adobe-FontList 1.24
%Locale:0x409

%BeginFont
Handler:DirectoryHandler
FontType:TrueType
FontName:Afacad-Bold
FamilyName:Afacad
StyleName:Bold
FullName:Afacad Bold
MenuName:Afacad
StyleBits:2
WritingScript:Roman
OutlineFileName:C:\Users\ronaga\Downloads\wetransfer_zealous-files_2024-09-24_0748\2025 A4-Financial_ZProject update Folder 10.38.12\2025 A4-Financial_ZProject update Folder\Document fonts\Afacad-Bold.ttf
DataFormat:sfntData
hasSVG:no
hasCOLR:no
VariableFontType:NonVariableFont
FileLength:109336
FileModTime:1727171156
WeightClass:700
WidthClass:5
AngleClass:0
NameArray:0,Win,1,Afacad
%EndFont

%BeginFont
Handler:DirectoryHandler
FontType:TrueType
FontName:Afacad-Regular
FamilyName:Afacad
StyleName:Regular
FullName:Afacad Regular
MenuName:Afacad
StyleBits:0
WritingScript:Roman
OutlineFileName:C:\Users\ronaga\Downloads\wetransfer_zealous-files_2024-09-24_0748\2025 A4-Financial_ZProject update Folder 10.38.12\2025 A4-Financial_ZProject update Folder\Document fonts\Afacad-Regular.ttf
DataFormat:sfntData
hasSVG:no
hasCOLR:no
VariableFontType:NonVariableFont
FileLength:111420
FileModTime:1727171156
WeightClass:400
WidthClass:5
AngleClass:0
NameArray:0,Win,1,Afacad
%EndFont

%BeginFont
Handler:DirectoryHandler
FontType:Invalid
OutlineFileName:C:\Users\ronaga\Downloads\wetransfer_zealous-files_2024-09-24_0748\2025 A4-Financial_ZProject update Folder 10.38.12\2025 A4-Financial_ZProject update Folder\Document fonts\Eurostile
FileModTime:1727171156
%EndFont

%BeginFont
Handler:DirectoryHandler
FontType:TrueType
FontName:AridITC
FamilyName:Arid ITC
StyleName:Regular
FullName:Arid ITC
MenuName:Arid ITC
StyleBits:0
WritingScript:Roman
OutlineFileName:C:\Users\ronaga\Downloads\wetransfer_zealous-files_2024-09-24_0748\2025 A4-Financial_ZProject update Folder 10.38.12\2025 A4-Financial_ZProject update Folder\Document fonts\arid_itc.ttf
DataFormat:sfntData
hasSVG:no
hasCOLR:no
VariableFontType:NonVariableFont
FileLength:161148
FileModTime:1727171156
WeightClass:300
WidthClass:5
AngleClass:0
NameArray:0,Mac,4,Arid ITC
NameArray:0,Win,1,Arid ITC
%EndFont

